This is pdfTeX, Version 3.141592653-2.6-1.40.28 (TeX Live 2025) (preloaded format=pdflatex 2025.9.29)  30 OCT 2025 23:41
entering extended mode
 restricted \write18 enabled.
 file:line:error style messages enabled.
 %&-line parsing enabled.
**c:/Users/Mayar/Downloads/EcoPilot/main.tex
(c:/Users/Mayar/Downloads/EcoPilot/main.tex
LaTeX2e <2025-06-01> patch level 1
L3 programming layer <2025-09-02>
(c:/texlive/2025/texmf-dist/tex/latex/base/report.cls
Document Class: report 2025/01/22 v1.4n Standard LaTeX document class
(c:/texlive/2025/texmf-dist/tex/latex/base/size12.clo
File: size12.clo 2025/01/22 v1.4n Standard LaTeX file (size option)
)
\c@part=\count275
\c@chapter=\count276
\c@section=\count277
\c@subsection=\count278
\c@subsubsection=\count279
\c@paragraph=\count280
\c@subparagraph=\count281
\c@figure=\count282
\c@table=\count283
\abovecaptionskip=\skip49
\belowcaptionskip=\skip50
\bibindent=\dimen148
) (c:/texlive/2025/texmf-dist/tex/latex/graphics/graphicx.sty
Package: graphicx 2024/12/31 v1.2e Enhanced LaTeX Graphics (DPC,SPQR)
 (c:/texlive/2025/texmf-dist/tex/latex/graphics/keyval.sty
Package: keyval 2022/05/29 v1.15 key=value parser (DPC)
\KV@toks@=\toks17
) (c:/texlive/2025/texmf-dist/tex/latex/graphics/graphics.sty
Package: graphics 2024/08/06 v1.4g Standard LaTeX Graphics (DPC,SPQR)
 (c:/texlive/2025/texmf-dist/tex/latex/graphics/trig.sty
Package: trig 2023/12/02 v1.11 sin cos tan (DPC)
) (c:/texlive/2025/texmf-dist/tex/latex/graphics-cfg/graphics.cfg
File: graphics.cfg 2016/06/04 v1.11 sample graphics configuration
)
Package graphics Info: Driver file: pdftex.def on input line 106.
 (c:/texlive/2025/texmf-dist/tex/latex/graphics-def/pdftex.def
File: pdftex.def 2024/04/13 v1.2c Graphics/color driver for pdftex
))
\Gin@req@height=\dimen149
\Gin@req@width=\dimen150
) (c:/texlive/2025/texmf-dist/tex/latex/float/float.sty
Package: float 2001/11/08 v1.3d Float enhancements (AL)
\c@float@type=\count284
\float@exts=\toks18
\float@box=\box53
\@float@everytoks=\toks19
\@floatcapt=\box54
) (c:/texlive/2025/texmf-dist/tex/latex/hyperref/hyperref.sty
Package: hyperref 2025-07-12 v7.01o Hypertext links for LaTeX
 (c:/texlive/2025/texmf-dist/tex/generic/iftex/iftex.sty
Package: iftex 2024/12/12 v1.0g TeX engine tests
) (c:/texlive/2025/texmf-dist/tex/latex/kvsetkeys/kvsetkeys.sty
Package: kvsetkeys 2022-10-05 v1.19 Key value parser (HO)
) (c:/texlive/2025/texmf-dist/tex/generic/kvdefinekeys/kvdefinekeys.sty
Package: kvdefinekeys 2019-12-19 v1.6 Define keys (HO)
) (c:/texlive/2025/texmf-dist/tex/generic/pdfescape/pdfescape.sty
Package: pdfescape 2019/12/09 v1.15 Implements pdfTeX's escape features (HO)
 (c:/texlive/2025/texmf-dist/tex/generic/ltxcmds/ltxcmds.sty
Package: ltxcmds 2023-12-04 v1.26 LaTeX kernel commands for general use (HO)
) (c:/texlive/2025/texmf-dist/tex/generic/pdftexcmds/pdftexcmds.sty
Package: pdftexcmds 2020-06-27 v0.33 Utility functions of pdfTeX for LuaTeX (HO)
 (c:/texlive/2025/texmf-dist/tex/generic/infwarerr/infwarerr.sty
Package: infwarerr 2019/12/03 v1.5 Providing info/warning/error messages (HO)
)
Package pdftexcmds Info: \pdf@primitive is available.
Package pdftexcmds Info: \pdf@ifprimitive is available.
Package pdftexcmds Info: \pdfdraftmode found.
)) (c:/texlive/2025/texmf-dist/tex/latex/hycolor/hycolor.sty
Package: hycolor 2020-01-27 v1.10 Color options for hyperref/bookmark (HO)
) (c:/texlive/2025/texmf-dist/tex/latex/hyperref/nameref.sty
Package: nameref 2025-06-21 v2.57 Cross-referencing by name of section
 (c:/texlive/2025/texmf-dist/tex/latex/refcount/refcount.sty
Package: refcount 2019/12/15 v3.6 Data extraction from label references (HO)
) (c:/texlive/2025/texmf-dist/tex/generic/gettitlestring/gettitlestring.sty
Package: gettitlestring 2019/12/15 v1.6 Cleanup title references (HO)
 (c:/texlive/2025/texmf-dist/tex/latex/kvoptions/kvoptions.sty
Package: kvoptions 2022-06-15 v3.15 Key value format for package options (HO)
))
\c@section@level=\count285
) (c:/texlive/2025/texmf-dist/tex/latex/etoolbox/etoolbox.sty
Package: etoolbox 2025/02/11 v2.5l e-TeX tools for LaTeX (JAW)
\etb@tempcnta=\count286
) (c:/texlive/2025/texmf-dist/tex/generic/stringenc/stringenc.sty
Package: stringenc 2019/11/29 v1.12 Convert strings between diff. encodings (HO)
)
\@linkdim=\dimen151
\Hy@linkcounter=\count287
\Hy@pagecounter=\count288
 (c:/texlive/2025/texmf-dist/tex/latex/hyperref/pd1enc.def
File: pd1enc.def 2025-07-12 v7.01o Hyperref: PDFDocEncoding definition (HO)
Now handling font encoding PD1 ...
... no UTF-8 mapping file for font encoding PD1
) (c:/texlive/2025/texmf-dist/tex/generic/intcalc/intcalc.sty
Package: intcalc 2019/12/15 v1.3 Expandable calculations with integers (HO)
)
\Hy@SavedSpaceFactor=\count289
 (c:/texlive/2025/texmf-dist/tex/latex/hyperref/puenc.def
File: puenc.def 2025-07-12 v7.01o Hyperref: PDF Unicode definition (HO)
Now handling font encoding PU ...
... no UTF-8 mapping file for font encoding PU
)
Package hyperref Info: Option `colorlinks' set `true' on input line 4066.
Package hyperref Info: Hyper figures OFF on input line 4195.
Package hyperref Info: Link nesting OFF on input line 4200.
Package hyperref Info: Hyper index ON on input line 4203.
Package hyperref Info: Plain pages OFF on input line 4210.
Package hyperref Info: Backreferencing OFF on input line 4215.
Package hyperref Info: Implicit mode ON; LaTeX internals redefined.
Package hyperref Info: Bookmarks ON on input line 4462.
\c@Hy@tempcnt=\count290
 (c:/texlive/2025/texmf-dist/tex/latex/url/url.sty
\Urlmuskip=\muskip17
Package: url 2013/09/16  ver 3.4  Verb mode for urls, etc.
)
LaTeX Info: Redefining \url on input line 4801.
\XeTeXLinkMargin=\dimen152
 (c:/texlive/2025/texmf-dist/tex/generic/bitset/bitset.sty
Package: bitset 2019/12/09 v1.3 Handle bit-vector datatype (HO)
 (c:/texlive/2025/texmf-dist/tex/generic/bigintcalc/bigintcalc.sty
Package: bigintcalc 2019/12/15 v1.5 Expandable calculations on big integers (HO)
))
\Fld@menulength=\count291
\Field@Width=\dimen153
\Fld@charsize=\dimen154
Package hyperref Info: Hyper figures OFF on input line 6078.
Package hyperref Info: Link nesting OFF on input line 6083.
Package hyperref Info: Hyper index ON on input line 6086.
Package hyperref Info: backreferencing OFF on input line 6093.
Package hyperref Info: Link coloring ON on input line 6096.
Package hyperref Info: Link coloring with OCG OFF on input line 6103.
Package hyperref Info: PDF/A mode OFF on input line 6108.
\Hy@abspage=\count292
\c@Item=\count293
\c@Hfootnote=\count294
)
Package hyperref Info: Driver (autodetected): hpdftex.
 (c:/texlive/2025/texmf-dist/tex/latex/hyperref/hpdftex.def
File: hpdftex.def 2025-07-12 v7.01o Hyperref driver for pdfTeX
\Fld@listcount=\count295
\c@bookmark@seq@number=\count296
 (c:/texlive/2025/texmf-dist/tex/latex/rerunfilecheck/rerunfilecheck.sty
Package: rerunfilecheck 2025-06-21 v1.11 Rerun checks for auxiliary files (HO)
 (c:/texlive/2025/texmf-dist/tex/generic/uniquecounter/uniquecounter.sty
Package: uniquecounter 2019/12/15 v1.4 Provide unlimited unique counter (HO)
)
Package uniquecounter Info: New unique counter `rerunfilecheck' on input line 284.
)
\Hy@SectionHShift=\skip51
) (c:/texlive/2025/texmf-dist/tex/latex/pdfpages/pdfpages.sty
Package: pdfpages 2025/07/23 v0.6g Insert pages of external PDF documents (AM)
 (c:/texlive/2025/texmf-dist/tex/latex/base/ifthen.sty
Package: ifthen 2024/03/16 v1.1e Standard LaTeX ifthen package (DPC)
) (c:/texlive/2025/texmf-dist/tex/latex/tools/calc.sty
Package: calc 2025/03/01 v4.3b Infix arithmetic (KKT,FJ)
\calc@Acount=\count297
\calc@Bcount=\count298
\calc@Adimen=\dimen155
\calc@Bdimen=\dimen156
\calc@Askip=\skip52
\calc@Bskip=\skip53
LaTeX Info: Redefining \setlength on input line 86.
LaTeX Info: Redefining \addtolength on input line 87.
\calc@Ccount=\count299
\calc@Cskip=\skip54
) (c:/texlive/2025/texmf-dist/tex/latex/eso-pic/eso-pic.sty
Package: eso-pic 2023/05/03 v3.0c eso-pic (RN)
\ESO@tempdima=\dimen157
\ESO@tempdimb=\dimen158
 (c:/texlive/2025/texmf-dist/tex/latex/xcolor/xcolor.sty
Package: xcolor 2024/09/29 v3.02 LaTeX color extensions (UK)
 (c:/texlive/2025/texmf-dist/tex/latex/graphics-cfg/color.cfg
File: color.cfg 2016/01/02 v1.6 sample color configuration
)
Package xcolor Info: Driver file: pdftex.def on input line 274.
 (c:/texlive/2025/texmf-dist/tex/latex/graphics/mathcolor.ltx)
Package xcolor Info: Model `cmy' substituted by `cmy0' on input line 1349.
Package xcolor Info: Model `hsb' substituted by `rgb' on input line 1353.
Package xcolor Info: Model `RGB' extended on input line 1365.
Package xcolor Info: Model `HTML' substituted by `rgb' on input line 1367.
Package xcolor Info: Model `Hsb' substituted by `hsb' on input line 1368.
Package xcolor Info: Model `tHsb' substituted by `hsb' on input line 1369.
Package xcolor Info: Model `HSB' substituted by `hsb' on input line 1370.
Package xcolor Info: Model `Gray' substituted by `gray' on input line 1371.
Package xcolor Info: Model `wave' substituted by `hsb' on input line 1372.
))
\AM@pagewidth=\dimen159
\AM@pageheight=\dimen160
\AM@fboxrule=\dimen161
 (c:/texlive/2025/texmf-dist/tex/latex/pdfpages/pppdftex.def
File: pppdftex.def 2025/07/23 v0.6g Pdfpages driver for pdfTeX (AM)
)
\pdfpages@includegraphics@status=\count300
\AM@pagebox=\box55
\AM@global@opts=\toks20
\AM@pagecnt=\count301
\AM@toc@title=\toks21
\AM@lof@heading=\toks22
\c@AM@survey=\count302
\AM@templatesizebox=\box56
) (c:/texlive/2025/texmf-dist/tex/latex/l3backend/l3backend-pdftex.def
File: l3backend-pdftex.def 2025-06-09 L3 backend support: PDF output (pdfTeX)
\l__color_backend_stack_int=\count303
) (./main.aux)
\openout1 = `main.aux'.

LaTeX Font Info:    Checking defaults for OML/cmm/m/it on input line 12.
LaTeX Font Info:    ... okay on input line 12.
LaTeX Font Info:    Checking defaults for OMS/cmsy/m/n on input line 12.
LaTeX Font Info:    ... okay on input line 12.
LaTeX Font Info:    Checking defaults for OT1/cmr/m/n on input line 12.
LaTeX Font Info:    ... okay on input line 12.
LaTeX Font Info:    Checking defaults for T1/cmr/m/n on input line 12.
LaTeX Font Info:    ... okay on input line 12.
LaTeX Font Info:    Checking defaults for TS1/cmr/m/n on input line 12.
LaTeX Font Info:    ... okay on input line 12.
LaTeX Font Info:    Checking defaults for OMX/cmex/m/n on input line 12.
LaTeX Font Info:    ... okay on input line 12.
LaTeX Font Info:    Checking defaults for U/cmr/m/n on input line 12.
LaTeX Font Info:    ... okay on input line 12.
LaTeX Font Info:    Checking defaults for PD1/pdf/m/n on input line 12.
LaTeX Font Info:    ... okay on input line 12.
LaTeX Font Info:    Checking defaults for PU/pdf/m/n on input line 12.
LaTeX Font Info:    ... okay on input line 12.
 (c:/texlive/2025/texmf-dist/tex/context/base/mkii/supp-pdf.mkii
[Loading MPS to PDF converter (version 2006.09.02).]
\scratchcounter=\count304
\scratchdimen=\dimen162
\scratchbox=\box57
\nofMPsegments=\count305
\nofMParguments=\count306
\everyMPshowfont=\toks23
\MPscratchCnt=\count307
\MPscratchDim=\dimen163
\MPnumerator=\count308
\makeMPintoPDFobject=\count309
\everyMPtoPDFconversion=\toks24
) (c:/texlive/2025/texmf-dist/tex/latex/epstopdf-pkg/epstopdf-base.sty
Package: epstopdf-base 2020-01-24 v2.11 Base part for package epstopdf
Package epstopdf-base Info: Redefining graphics rule for `.eps' on input line 485.
 (c:/texlive/2025/texmf-dist/tex/latex/latexconfig/epstopdf-sys.cfg
File: epstopdf-sys.cfg 2010/07/13 v1.3 Configuration of (r)epstopdf for TeX Live
))
Package hyperref Info: Link coloring ON on input line 12.
 (./main.out) (./main.out)
\@outlinefile=\write3
\openout3 = `main.out'.

 (c:/texlive/2025/texmf-dist/tex/latex/pdflscape/pdflscape.sty
Package: pdflscape 2025-06-23 v0.14 Display of landscape pages in PDF
 (c:/texlive/2025/texmf-dist/tex/latex/pdflscape/pdflscape-nometadata.sty
Package: pdflscape-nometadata 2025-06-23 v0.14 Display of landscape pages in PDF (HO)
 (c:/texlive/2025/texmf-dist/tex/latex/graphics/lscape.sty
Package: lscape 2020/05/28 v3.02 Landscape Pages (DPC)
)
Package pdflscape Info: Auto-detected driver: pdftex on input line 81.
))
<Logo_ESPRIT_Ariana.jpg, id=140, 854.19125pt x 316.18124pt>
File: Logo_ESPRIT_Ariana.jpg Graphic file (type jpg)
<use Logo_ESPRIT_Ariana.jpg>
Package pdftex.def Info: Logo_ESPRIT_Ariana.jpg  used on input line 31.
(pdftex.def)             Requested size: 70.19714pt x 25.98009pt.


[1

{c:/texlive/2025/texmf-var/fonts/map/pdftex/updmap/pdftex.map} <./Logo_ESPRIT_Ariana.jpg>] (./main.toc
LaTeX Font Info:    External font `cmex10' loaded for size
(Font)              <12> on input line 4.
LaTeX Font Info:    External font `cmex10' loaded for size
(Font)              <8> on input line 4.
LaTeX Font Info:    External font `cmex10' loaded for size
(Font)              <6> on input line 4.



pdfTeX warning (ext4): destination with the same identifier (name{page.1}) has been already used, duplicate ignored
<to be read again> 
                   \relax 
l.26 ...line {8}Résultats obtenus}{21}{chapter.8}
                                                  % [1

])
\tf@toc=\write4
\openout4 = `main.toc'.



[2]

[3

]
Chapter 1.


[4

]
Chapter 2.


[5

{c:/texlive/2025/texmf-dist/fonts/enc/dvips/cm-super/cm-super-ts1.enc}]

[6]
Chapter 3.

Overfull \hbox (7.4681pt too wide) in paragraph at lines 99--100
[]\OT1/cmr/m/n/12 Visualisation de l'avancement des pro-jets (tableaux de bord, graphiques). 
 []



[7

]
Overfull \hbox (33.57474pt too wide) in paragraph at lines 114--115
[]\OT1/cmr/m/n/12 Navigateur web mod-erne (Chrome, Fire-fox, Edge) pour le d^^Seveloppement
 []


Overfull \hbox (44.41074pt too wide) in paragraph at lines 120--121
[]\OT1/cmr/m/n/12 S^^Separation stricte en-tre le fron-tend (Re-act) et le back-end (Node.js/Express)
 []


Overfull \hbox (7.90443pt too wide) in paragraph at lines 123--124
[]\OT1/cmr/m/n/12 Gestion des vari-ables d'environnement via fichiers \OT1/cmtt/m/n/12 .env \OT1/cmr/m/n/12 pour s^^Separer
 []



[8]
Overfull \hbox (20.10126pt too wide) in paragraph at lines 140--141
[]\OT1/cmr/m/n/12 Possibilit^^Se de roll-back rapide en cas de probl^^Reme lors d'un d^^Seploiement. 
 []


Overfull \hbox (24.30408pt too wide) in paragraph at lines 147--148
[]\OT1/cmr/m/n/12 Int^^Segration con-tinue (CI) pour au-toma-tiser les tests et les d^^Seploiements. 
 []



[9]
Overfull \hbox (22.81238pt too wide) in paragraph at lines 165--166
[]\OT1/cmr/m/n/12 Compatibilit^^Se mul-ti-plate-forme (nav-i-ga-teurs r^^Secents, syst^^Remes d'exploitation
 []



[10]
Chapter 4.
<1_ptqverAyBpdfUDhrs2g_3A.jpg, id=227, 1204.5pt x 622.325pt>
File: 1_ptqverAyBpdfUDhrs2g_3A.jpg Graphic file (type jpg)
<use 1_ptqverAyBpdfUDhrs2g_3A.jpg>
Package pdftex.def Info: 1_ptqverAyBpdfUDhrs2g_3A.jpg  used on input line 179.
(pdftex.def)             Requested size: 155.99762pt x 80.59172pt.


[11

 <./1_ptqverAyBpdfUDhrs2g_3A.jpg>]

[12]

[13]
Chapter 5.
<image.png, id=244, 1025.8325pt x 860.21375pt>
File: image.png Graphic file (type png)
<use image.png>
Package pdftex.def Info: image.png  used on input line 228.
(pdftex.def)             Requested size: 195.0pt x 163.50793pt.

Overfull \hbox (17.57643pt too wide) in paragraph at lines 235--236
[]\OT1/cmr/m/n/12 Le di-a-gramme UML ci-dessus il-lus-tre l'architecture prin-ci-pale de l'application
 []


Overfull \hbox (31.951pt too wide) in paragraph at lines 238--239
[]\OT1/cmr/bx/n/12 Utilisateur (User) : \OT1/cmr/m/n/12 Repr^^Sesente les diff^^Serents pro-fils acc^^Sedant ^^Ra l'application
 []



[14

 <./image.png>]
Overfull \hbox (6.37pt too wide) in paragraph at lines 240--241
[]\OT1/cmr/bx/n/12 Article : \OT1/cmr/m/n/12 Repr^^Sesente les ressources, mat^^Seriaux ou presta-tions n^^Secessaires
 []


Overfull \hbox (0.84456pt too wide) in paragraph at lines 253--254
\OT1/cmr/m/n/12 Le mod^^Rele de la base de donn^^Sees re-pose sur une struc-ture re-la-tion-nelle adapt^^See
 []



[15]

[16]
Chapter 6.


[17

]
Overfull \hbox (20.85776pt too wide) in paragraph at lines 303--303
[]\OT1/cmr/bx/n/17.28 S^^Securit^^Se et au-then-tifi-ca-tion (JWT, hashage) 
 []



[18]
Chapter 7.

Overfull \hbox (25.16457pt too wide) in paragraph at lines 328--329
\OT1/cmr/m/n/12 nis^^Se en deux r^^Sepertoires prin-ci-paux : \OT1/cmtt/m/n/12 client \OT1/cmr/m/n/12 (Re-act) et \OT1/cmtt/m/n/12 server \OT1/cmr/m/n/12 (Node.js/Express).
 []



[19

]

[20]
Chapter 8.


[21

]
Chapter 9.

Overfull \hbox (3.69514pt too wide) in paragraph at lines 373--374
[]\OT1/cmr/bx/n/12 Probl^^Reme de syn-chro-ni-sa-tion en-tre fron-tend et back-end : \OT1/cmr/m/n/12 R^^Sesolu
 []


Overfull \hbox (15.56662pt too wide) in paragraph at lines 373--374
\OT1/cmr/m/n/12 par la mise en place d'une doc-u-men-ta-tion Swag-ger et de tests d'int^^Segration. 
 []


Overfull \hbox (20.71408pt too wide) in paragraph at lines 374--375
[]\OT1/cmr/bx/n/12 Gestion des r^oles com-plexe : \OT1/cmr/m/n/12 Util-i-sa-tion d'un mid-dle-ware de v^^Serification
 []



[22

]
Chapter 10.


[23

]
Chapter 11.

Overfull \hbox (3.88202pt too wide) in paragraph at lines 399--400
\OT1/cmr/m/n/12 Ce stage m'a per-mis de met-tre en pra-tique mes comp^^Setences en d^^Seveloppement
 []


Overfull \hbox (1.20566pt too wide) in paragraph at lines 399--400
\OT1/cmr/m/n/12 web full-stack, de d^^Secouvrir les en-jeux de la ges-tion de pro-jets et d'approfondir
 []



[24

]
Appendix A.
<FireShot Capture 021 - Eco-Pilot - www.eco-pilot.com.pdf, id=295, 1445.4pt x 662.475pt>
File: FireShot Capture 021 - Eco-Pilot - www.eco-pilot.com.pdf Graphic file (type pdf)
<use FireShot Capture 021 - Eco-Pilot - www.eco-pilot.com.pdf>
Package pdftex.def Info: FireShot Capture 021 - Eco-Pilot - www.eco-pilot.com.pdf  used on input line 421.
(pdftex.def)             Requested size: 1445.39648pt x 662.47339pt.
<FireShot Capture 021 - Eco-Pilot - www.eco-pilot.com.pdf, id=297, page=1, 1445.4pt x 662.475pt>
File: FireShot Capture 021 - Eco-Pilot - www.eco-pilot.com.pdf Graphic file (type pdf)
<use FireShot Capture 021 - Eco-Pilot - www.eco-pilot.com.pdf, page 1>
Package pdftex.def Info: FireShot Capture 021 - Eco-Pilot - www.eco-pilot.com.pdf , page1 used on input line 421.
(pdftex.def)             Requested size: 1445.39648pt x 662.47339pt.
File: FireShot Capture 021 - Eco-Pilot - www.eco-pilot.com.pdf Graphic file (type pdf)
<use FireShot Capture 021 - Eco-Pilot - www.eco-pilot.com.pdf, page 1>
Package pdftex.def Info: FireShot Capture 021 - Eco-Pilot - www.eco-pilot.com.pdf , page1 used on input line 421.
(pdftex.def)             Requested size: 597.66844pt x 273.93137pt.


[25

]
File: FireShot Capture 021 - Eco-Pilot - www.eco-pilot.com.pdf Graphic file (type pdf)
<use FireShot Capture 021 - Eco-Pilot - www.eco-pilot.com.pdf, page 1>
Package pdftex.def Info: FireShot Capture 021 - Eco-Pilot - www.eco-pilot.com.pdf , page1 used on input line 421.
(pdftex.def)             Requested size: 597.66844pt x 273.93137pt.
File: FireShot Capture 021 - Eco-Pilot - www.eco-pilot.com.pdf Graphic file (type pdf)
<use FireShot Capture 021 - Eco-Pilot - www.eco-pilot.com.pdf, page 1>
Package pdftex.def Info: FireShot Capture 021 - Eco-Pilot - www.eco-pilot.com.pdf , page1 used on input line 421.
(pdftex.def)             Requested size: 597.66844pt x 273.93137pt.


File: FireShot Capture 021 - Eco-Pilot - www.eco-pilot.com.pdf Graphic file (type pdf)
<use FireShot Capture 021 - Eco-Pilot - www.eco-pilot.com.pdf, page 1>
Package pdftex.def Info: FireShot Capture 021 - Eco-Pilot - www.eco-pilot.com.pdf , page1 used on input line 421.
(pdftex.def)             Requested size: 597.66844pt x 273.93137pt.
[26

 <./FireShot Capture 021 - Eco-Pilot - www.eco-pilot.com.pdf>]
<FireShot Capture 022 - Eco-Pilot - www.eco-pilot.com.pdf, id=309, 1455.18657pt x 1195.46625pt>
File: FireShot Capture 022 - Eco-Pilot - www.eco-pilot.com.pdf Graphic file (type pdf)
<use FireShot Capture 022 - Eco-Pilot - www.eco-pilot.com.pdf>
Package pdftex.def Info: FireShot Capture 022 - Eco-Pilot - www.eco-pilot.com.pdf  used on input line 423.
(pdftex.def)             Requested size: 1455.18303pt x 1195.46333pt.
<FireShot Capture 022 - Eco-Pilot - www.eco-pilot.com.pdf, id=311, page=1, 1455.18657pt x 1195.46625pt>
File: FireShot Capture 022 - Eco-Pilot - www.eco-pilot.com.pdf Graphic file (type pdf)
<use FireShot Capture 022 - Eco-Pilot - www.eco-pilot.com.pdf, page 1>
Package pdftex.def Info: FireShot Capture 022 - Eco-Pilot - www.eco-pilot.com.pdf , page1 used on input line 423.
(pdftex.def)             Requested size: 1455.18303pt x 1195.46333pt.
File: FireShot Capture 022 - Eco-Pilot - www.eco-pilot.com.pdf Graphic file (type pdf)
<use FireShot Capture 022 - Eco-Pilot - www.eco-pilot.com.pdf, page 1>
Package pdftex.def Info: FireShot Capture 022 - Eco-Pilot - www.eco-pilot.com.pdf , page1 used on input line 423.
(pdftex.def)             Requested size: 597.56294pt x 490.91048pt.
File: FireShot Capture 022 - Eco-Pilot - www.eco-pilot.com.pdf Graphic file (type pdf)
<use FireShot Capture 022 - Eco-Pilot - www.eco-pilot.com.pdf, page 1>
Package pdftex.def Info: FireShot Capture 022 - Eco-Pilot - www.eco-pilot.com.pdf , page1 used on input line 423.
(pdftex.def)             Requested size: 597.56294pt x 490.91048pt.
File: FireShot Capture 022 - Eco-Pilot - www.eco-pilot.com.pdf Graphic file (type pdf)
<use FireShot Capture 022 - Eco-Pilot - www.eco-pilot.com.pdf, page 1>
Package pdftex.def Info: FireShot Capture 022 - Eco-Pilot - www.eco-pilot.com.pdf , page1 used on input line 423.
(pdftex.def)             Requested size: 597.56294pt x 490.91048pt.


File: FireShot Capture 022 - Eco-Pilot - www.eco-pilot.com.pdf Graphic file (type pdf)
<use FireShot Capture 022 - Eco-Pilot - www.eco-pilot.com.pdf, page 1>
Package pdftex.def Info: FireShot Capture 022 - Eco-Pilot - www.eco-pilot.com.pdf , page1 used on input line 423.
(pdftex.def)             Requested size: 597.56294pt x 490.91048pt.
[27

 <./FireShot Capture 022 - Eco-Pilot - www.eco-pilot.com.pdf>]
<FireShot Capture 023 - Eco-Pilot - www.eco-pilot.com.pdf, id=319, 1445.4pt x 662.475pt>
File: FireShot Capture 023 - Eco-Pilot - www.eco-pilot.com.pdf Graphic file (type pdf)
<use FireShot Capture 023 - Eco-Pilot - www.eco-pilot.com.pdf>
Package pdftex.def Info: FireShot Capture 023 - Eco-Pilot - www.eco-pilot.com.pdf  used on input line 425.
(pdftex.def)             Requested size: 1445.39648pt x 662.47339pt.
<FireShot Capture 023 - Eco-Pilot - www.eco-pilot.com.pdf, id=321, page=1, 1445.4pt x 662.475pt>
File: FireShot Capture 023 - Eco-Pilot - www.eco-pilot.com.pdf Graphic file (type pdf)
<use FireShot Capture 023 - Eco-Pilot - www.eco-pilot.com.pdf, page 1>
Package pdftex.def Info: FireShot Capture 023 - Eco-Pilot - www.eco-pilot.com.pdf , page1 used on input line 425.
(pdftex.def)             Requested size: 1445.39648pt x 662.47339pt.
File: FireShot Capture 023 - Eco-Pilot - www.eco-pilot.com.pdf Graphic file (type pdf)
<use FireShot Capture 023 - Eco-Pilot - www.eco-pilot.com.pdf, page 1>
Package pdftex.def Info: FireShot Capture 023 - Eco-Pilot - www.eco-pilot.com.pdf , page1 used on input line 425.
(pdftex.def)             Requested size: 597.66844pt x 273.93137pt.
File: FireShot Capture 023 - Eco-Pilot - www.eco-pilot.com.pdf Graphic file (type pdf)
<use FireShot Capture 023 - Eco-Pilot - www.eco-pilot.com.pdf, page 1>
Package pdftex.def Info: FireShot Capture 023 - Eco-Pilot - www.eco-pilot.com.pdf , page1 used on input line 425.
(pdftex.def)             Requested size: 597.66844pt x 273.93137pt.
File: FireShot Capture 023 - Eco-Pilot - www.eco-pilot.com.pdf Graphic file (type pdf)
<use FireShot Capture 023 - Eco-Pilot - www.eco-pilot.com.pdf, page 1>
Package pdftex.def Info: FireShot Capture 023 - Eco-Pilot - www.eco-pilot.com.pdf , page1 used on input line 425.
(pdftex.def)             Requested size: 597.66844pt x 273.93137pt.


File: FireShot Capture 023 - Eco-Pilot - www.eco-pilot.com.pdf Graphic file (type pdf)
<use FireShot Capture 023 - Eco-Pilot - www.eco-pilot.com.pdf, page 1>
Package pdftex.def Info: FireShot Capture 023 - Eco-Pilot - www.eco-pilot.com.pdf , page1 used on input line 425.
(pdftex.def)             Requested size: 597.66844pt x 273.93137pt.
[28

 <./FireShot Capture 023 - Eco-Pilot - www.eco-pilot.com.pdf>]
<FireShot Capture 024 - Eco-Pilot - www.eco-pilot.com.pdf, id=329, 1445.4pt x 662.475pt>
File: FireShot Capture 024 - Eco-Pilot - www.eco-pilot.com.pdf Graphic file (type pdf)
<use FireShot Capture 024 - Eco-Pilot - www.eco-pilot.com.pdf>
Package pdftex.def Info: FireShot Capture 024 - Eco-Pilot - www.eco-pilot.com.pdf  used on input line 427.
(pdftex.def)             Requested size: 1445.39648pt x 662.47339pt.
<FireShot Capture 024 - Eco-Pilot - www.eco-pilot.com.pdf, id=331, page=1, 1445.4pt x 662.475pt>
File: FireShot Capture 024 - Eco-Pilot - www.eco-pilot.com.pdf Graphic file (type pdf)
<use FireShot Capture 024 - Eco-Pilot - www.eco-pilot.com.pdf, page 1>
Package pdftex.def Info: FireShot Capture 024 - Eco-Pilot - www.eco-pilot.com.pdf , page1 used on input line 427.
(pdftex.def)             Requested size: 1445.39648pt x 662.47339pt.
File: FireShot Capture 024 - Eco-Pilot - www.eco-pilot.com.pdf Graphic file (type pdf)
<use FireShot Capture 024 - Eco-Pilot - www.eco-pilot.com.pdf, page 1>
Package pdftex.def Info: FireShot Capture 024 - Eco-Pilot - www.eco-pilot.com.pdf , page1 used on input line 427.
(pdftex.def)             Requested size: 597.66844pt x 273.93137pt.
File: FireShot Capture 024 - Eco-Pilot - www.eco-pilot.com.pdf Graphic file (type pdf)
<use FireShot Capture 024 - Eco-Pilot - www.eco-pilot.com.pdf, page 1>
Package pdftex.def Info: FireShot Capture 024 - Eco-Pilot - www.eco-pilot.com.pdf , page1 used on input line 427.
(pdftex.def)             Requested size: 597.66844pt x 273.93137pt.
File: FireShot Capture 024 - Eco-Pilot - www.eco-pilot.com.pdf Graphic file (type pdf)
<use FireShot Capture 024 - Eco-Pilot - www.eco-pilot.com.pdf, page 1>
Package pdftex.def Info: FireShot Capture 024 - Eco-Pilot - www.eco-pilot.com.pdf , page1 used on input line 427.
(pdftex.def)             Requested size: 597.66844pt x 273.93137pt.


File: FireShot Capture 024 - Eco-Pilot - www.eco-pilot.com.pdf Graphic file (type pdf)
<use FireShot Capture 024 - Eco-Pilot - www.eco-pilot.com.pdf, page 1>
Package pdftex.def Info: FireShot Capture 024 - Eco-Pilot - www.eco-pilot.com.pdf , page1 used on input line 427.
(pdftex.def)             Requested size: 597.66844pt x 273.93137pt.
[29

 <./FireShot Capture 024 - Eco-Pilot - www.eco-pilot.com.pdf>]
<FireShot Capture 025 - Eco-Pilot - www.eco-pilot.com.pdf, id=339, 1445.4pt x 662.475pt>
File: FireShot Capture 025 - Eco-Pilot - www.eco-pilot.com.pdf Graphic file (type pdf)
<use FireShot Capture 025 - Eco-Pilot - www.eco-pilot.com.pdf>
Package pdftex.def Info: FireShot Capture 025 - Eco-Pilot - www.eco-pilot.com.pdf  used on input line 429.
(pdftex.def)             Requested size: 1445.39648pt x 662.47339pt.
<FireShot Capture 025 - Eco-Pilot - www.eco-pilot.com.pdf, id=341, page=1, 1445.4pt x 662.475pt>
File: FireShot Capture 025 - Eco-Pilot - www.eco-pilot.com.pdf Graphic file (type pdf)
<use FireShot Capture 025 - Eco-Pilot - www.eco-pilot.com.pdf, page 1>
Package pdftex.def Info: FireShot Capture 025 - Eco-Pilot - www.eco-pilot.com.pdf , page1 used on input line 429.
(pdftex.def)             Requested size: 1445.39648pt x 662.47339pt.
File: FireShot Capture 025 - Eco-Pilot - www.eco-pilot.com.pdf Graphic file (type pdf)
<use FireShot Capture 025 - Eco-Pilot - www.eco-pilot.com.pdf, page 1>
Package pdftex.def Info: FireShot Capture 025 - Eco-Pilot - www.eco-pilot.com.pdf , page1 used on input line 429.
(pdftex.def)             Requested size: 597.66844pt x 273.93137pt.
File: FireShot Capture 025 - Eco-Pilot - www.eco-pilot.com.pdf Graphic file (type pdf)
<use FireShot Capture 025 - Eco-Pilot - www.eco-pilot.com.pdf, page 1>
Package pdftex.def Info: FireShot Capture 025 - Eco-Pilot - www.eco-pilot.com.pdf , page1 used on input line 429.
(pdftex.def)             Requested size: 597.66844pt x 273.93137pt.
File: FireShot Capture 025 - Eco-Pilot - www.eco-pilot.com.pdf Graphic file (type pdf)
<use FireShot Capture 025 - Eco-Pilot - www.eco-pilot.com.pdf, page 1>
Package pdftex.def Info: FireShot Capture 025 - Eco-Pilot - www.eco-pilot.com.pdf , page1 used on input line 429.
(pdftex.def)             Requested size: 597.66844pt x 273.93137pt.


File: FireShot Capture 025 - Eco-Pilot - www.eco-pilot.com.pdf Graphic file (type pdf)
<use FireShot Capture 025 - Eco-Pilot - www.eco-pilot.com.pdf, page 1>
Package pdftex.def Info: FireShot Capture 025 - Eco-Pilot - www.eco-pilot.com.pdf , page1 used on input line 429.
(pdftex.def)             Requested size: 597.66844pt x 273.93137pt.
[30

 <./FireShot Capture 025 - Eco-Pilot - www.eco-pilot.com.pdf>]
<FireShot Capture 026 - Eco-Pilot - www.eco-pilot.com.pdf, id=350, 1445.4pt x 662.475pt>
File: FireShot Capture 026 - Eco-Pilot - www.eco-pilot.com.pdf Graphic file (type pdf)
<use FireShot Capture 026 - Eco-Pilot - www.eco-pilot.com.pdf>
Package pdftex.def Info: FireShot Capture 026 - Eco-Pilot - www.eco-pilot.com.pdf  used on input line 431.
(pdftex.def)             Requested size: 1445.39648pt x 662.47339pt.
<FireShot Capture 026 - Eco-Pilot - www.eco-pilot.com.pdf, id=352, page=1, 1445.4pt x 662.475pt>
File: FireShot Capture 026 - Eco-Pilot - www.eco-pilot.com.pdf Graphic file (type pdf)
<use FireShot Capture 026 - Eco-Pilot - www.eco-pilot.com.pdf, page 1>
Package pdftex.def Info: FireShot Capture 026 - Eco-Pilot - www.eco-pilot.com.pdf , page1 used on input line 431.
(pdftex.def)             Requested size: 1445.39648pt x 662.47339pt.
File: FireShot Capture 026 - Eco-Pilot - www.eco-pilot.com.pdf Graphic file (type pdf)
<use FireShot Capture 026 - Eco-Pilot - www.eco-pilot.com.pdf, page 1>
Package pdftex.def Info: FireShot Capture 026 - Eco-Pilot - www.eco-pilot.com.pdf , page1 used on input line 431.
(pdftex.def)             Requested size: 597.66844pt x 273.93137pt.
File: FireShot Capture 026 - Eco-Pilot - www.eco-pilot.com.pdf Graphic file (type pdf)
<use FireShot Capture 026 - Eco-Pilot - www.eco-pilot.com.pdf, page 1>
Package pdftex.def Info: FireShot Capture 026 - Eco-Pilot - www.eco-pilot.com.pdf , page1 used on input line 431.
(pdftex.def)             Requested size: 597.66844pt x 273.93137pt.
File: FireShot Capture 026 - Eco-Pilot - www.eco-pilot.com.pdf Graphic file (type pdf)
<use FireShot Capture 026 - Eco-Pilot - www.eco-pilot.com.pdf, page 1>
Package pdftex.def Info: FireShot Capture 026 - Eco-Pilot - www.eco-pilot.com.pdf , page1 used on input line 431.
(pdftex.def)             Requested size: 597.66844pt x 273.93137pt.


File: FireShot Capture 026 - Eco-Pilot - www.eco-pilot.com.pdf Graphic file (type pdf)
<use FireShot Capture 026 - Eco-Pilot - www.eco-pilot.com.pdf, page 1>
Package pdftex.def Info: FireShot Capture 026 - Eco-Pilot - www.eco-pilot.com.pdf , page1 used on input line 431.
(pdftex.def)             Requested size: 597.66844pt x 273.93137pt.
[31

 <./FireShot Capture 026 - Eco-Pilot - www.eco-pilot.com.pdf>]
File: image.png Graphic file (type png)
<use image.png>
Package pdftex.def Info: image.png  used on input line 453.
(pdftex.def)             Requested size: 312.00119pt x 261.6232pt.


[32]
Underfull \hbox (badness 10000) in paragraph at lines 461--462
[]\OT1/cmr/m/n/12 Documentation of-fi-cielle MERN : [][]$\OT1/cmtt/m/n/12 https : / / www . mongodb . com /
 []



[33

] (./main.aux)
 ***********
LaTeX2e <2025-06-01> patch level 1
L3 programming layer <2025-09-02>
 ***********
Package rerunfilecheck Info: File `main.out' has not changed.
(rerunfilecheck)             Checksum: DBB7ECEC9E236F94A5E016D826F9B879;5640.
 ) 
Here is how much of TeX's memory you used:
 10073 strings out of 467748
 159388 string characters out of 5431138
 575183 words of memory out of 5000000
 38573 multiletter control sequences out of 15000+600000
 632781 words of font info for 57 fonts, out of 8000000 for 9000
 1141 hyphenation exceptions out of 8191
 75i,17n,79p,752b,585s stack positions out of 10000i,1000n,20000p,200000b,200000s
<c:/texlive/2025/texmf-dist/fonts/type1/public/amsfonts/cm/cmbx12.pfb><c:/texlive/2025/texmf-dist/fonts/type1/public/amsfonts/cm/cmr12.pfb><c:/texlive/2025/texmf-dist/fonts/type1/public/amsfonts/cm/cmr17.pfb><c:/texlive/2025/texmf-dist/fonts/type1/public/amsfonts/cm/cmtt12.pfb><c:/texlive/2025/texmf-dist/fonts/type1/public/cm-super/sfrm1200.pfb>
Output written on main.pdf (34 pages, 1397586 bytes).
PDF statistics:
 430 PDF objects out of 1000 (max. 8388607)
 352 compressed objects within 4 object streams
 87 named destinations out of 1000 (max. 500000)
 378 words of extra memory for PDF output out of 10000 (max. 10000000)

